Error: Webpack Compilation Error
/Users/taylor/Dev/Minimally-Reproducible/cypress-typescript-custom-commands/cypress/integration/spec.ts
./cypress/integration/spec.ts
[tsl] ERROR in /Users/taylor/Dev/Minimally-Reproducible/cypress-typescript-custom-commands/cypress/integration/spec.ts(5,6)
      TS2339: Property 'customCommand' does not exist on type 'cy & EventEmitter'.

/Users/taylor/Dev/Minimally-Reproducible/cypress-typescript-custom-commands/cypress/support/index.ts
[tsl] ERROR in /Users/taylor/Dev/Minimally-Reproducible/cypress-typescript-custom-commands/cypress/support/index.ts(17,27)
      TS2306: File '/Users/taylor/Dev/Minimally-Reproducible/cypress-typescript-custom-commands/cypress/support/commands.ts' is not a module.
